
> frontend@0.0.0 test
> vitest run --watch=false


[1m[46m RUN [49m[22m [36mv4.1.0 [39m[90mE:/Kampuskart/S72_Gaurav_Capstone_KampusKart/frontend[39m

 [32m✓[39m src/tests/components/ErrorMessage.test.tsx [2m([22m[2m2 tests[22m[2m)[22m[32m 27[2mms[22m[39m
 [32m✓[39m src/tests/utils/formValidation.test.ts [2m([22m[2m18 tests[22m[2m)[22m[32m 182[2mms[22m[39m

[2m Test Files [22m [1m[32m2 passed[39m[22m[90m (2)[39m
[2m      Tests [22m [1m[32m20 passed[39m[22m[90m (20)[39m
[2m   Start at [22m 18:56:38
[2m   Duration [22m 960ms[2m (transform 92ms, setup 199ms, import 208ms, tests 209ms, environment 971ms)[22m

